/Users/bolalaryozuvchisi/Library/Python/3.9/lib/python/site-packages/google/auth/__init__.py:54: FutureWarning: You are using a Python version 3.9 past its end of life. Google will update google-auth with critical bug fixes on a best-effort basis, but not with any other fixes or features. Please upgrade your Python version, and then update google-auth.
  warnings.warn(eol_message.format("3.9"), FutureWarning)
/Users/bolalaryozuvchisi/Library/Python/3.9/lib/python/site-packages/urllib3/__init__.py:35: NotOpenSSLWarning: urllib3 v2 only supports OpenSSL 1.1.1+, currently the 'ssl' module is compiled with 'LibreSSL 2.8.3'. See: https://github.com/urllib3/urllib3/issues/3020
  warnings.warn(
/Users/bolalaryozuvchisi/Library/Python/3.9/lib/python/site-packages/google/oauth2/__init__.py:40: FutureWarning: You are using a Python version 3.9 past its end of life. Google will update google-auth with critical bug fixes on a best-effort basis, but not with any other fixes or features. Please upgrade your Python version, and then update google-auth.
  warnings.warn(eol_message.format("3.9"), FutureWarning)
3-kun: 30 ta kitob, taxminiy narx ~$1.15

09-04 16:53:55  [1/30] Choliqushi (kesma, 96,324 belgi)
Warning: there are non-text parts in the response: ['thought_signature'], returning concatenated text result from text parts. Check the full candidates.content.parts accessor to get the full model response.
Warning: there are non-text parts in the response: ['thought_signature'], returning concatenated text result from text parts. Check the full candidates.content.parts accessor to get the full model response.
09-04 16:54:57     · 1-urinish: 168 ta kamchilik (12-savol: to‘g‘ri javob variantlar orasida yo‘q...)
Warning: there are non-text parts in the response: ['thought_signature'], returning concatenated text result from text parts. Check the full candidates.content.parts accessor to get the full model response.
Warning: there are non-text parts in the response: ['thought_signature'], returning concatenated text result from text parts. Check the full candidates.content.parts accessor to get the full model response.
09-04 16:55:45     ✓ tayyor (111 soniya, jami $0.11)
09-04 16:55:45  [2/30] Don Kixot (kesma, 96,528 belgi)
Warning: there are non-text parts in the response: ['thought_signature'], returning concatenated text result from text parts. Check the full candidates.content.parts accessor to get the full model response.
Warning: there are non-text parts in the response: ['thought_signature'], returning concatenated text result from text parts. Check the full candidates.content.parts accessor to get the full model response.
09-04 16:56:31     ✓ tayyor (46 soniya, jami $0.15)
09-04 16:56:31  [3/30] Do‘stlar orttirish va odamlarga ta'sir o‘tkazish xususida (kesma, 97,733 belgi)
Warning: there are non-text parts in the response: ['thought_signature'], returning concatenated text result from text parts. Check the full candidates.content.parts accessor to get the full model response.
Warning: there are non-text parts in the response: ['thought_signature'], returning concatenated text result from text parts. Check the full candidates.content.parts accessor to get the full model response.
09-04 16:57:40     ✓ tayyor (69 soniya, jami $0.21)
09-04 16:57:40  [4/30] Halol nima-yu, harom nima (kesma, 95,379 belgi)
Warning: there are non-text parts in the response: ['thought_signature'], returning concatenated text result from text parts. Check the full candidates.content.parts accessor to get the full model response.
Warning: there are non-text parts in the response: ['thought_signature'], returning concatenated text result from text parts. Check the full candidates.content.parts accessor to get the full model response.
09-04 16:58:22     ✓ tayyor (42 soniya, jami $0.24)
09-04 16:58:22  [5/30] Islom tarixi (kesma, 103,079 belgi)
Warning: there are non-text parts in the response: ['thought_signature'], returning concatenated text result from text parts. Check the full candidates.content.parts accessor to get the full model response.
Warning: there are non-text parts in the response: ['thought_signature'], returning concatenated text result from text parts. Check the full candidates.content.parts accessor to get the full model response.
09-04 16:59:02     ✓ tayyor (40 soniya, jami $0.29)
09-04 16:59:02  [6/30] Kon-Tikida safar (kesma, 95,479 belgi)
Warning: there are non-text parts in the response: ['thought_signature'], returning concatenated text result from text parts. Check the full candidates.content.parts accessor to get the full model response.
Warning: there are non-text parts in the response: ['thought_signature'], returning concatenated text result from text parts. Check the full candidates.content.parts accessor to get the full model response.
09-04 16:59:48     · 1-urinish: 1 ta kamchilik (21-savol: mayda tafsilot so‘ralgan («necha...»): '«Kon-Tiki»...)
Warning: there are non-text parts in the response: ['thought_signature'], returning concatenated text result from text parts. Check the full candidates.content.parts accessor to get the full model response.
Warning: there are non-text parts in the response: ['thought_signature'], returning concatenated text result from text parts. Check the full candidates.content.parts accessor to get the full model response.
09-04 17:00:59     ✓ tayyor (117 soniya, jami $0.40)
09-04 17:00:59  [7/30] Kuntug‘mish (kesma, 94,803 belgi)
Warning: there are non-text parts in the response: ['thought_signature'], returning concatenated text result from text parts. Check the full candidates.content.parts accessor to get the full model response.
Warning: there are non-text parts in the response: ['thought_signature'], returning concatenated text result from text parts. Check the full candidates.content.parts accessor to get the full model response.
09-04 17:02:12     · 1-urinish: 2 ta kamchilik (1-savol: mayda tafsilot so‘ralgan («necha...»): 'Kuntug‘mish...)
Warning: there are non-text parts in the response: ['thought_signature'], returning concatenated text result from text parts. Check the full candidates.content.parts accessor to get the full model response.
Warning: there are non-text parts in the response: ['thought_signature'], returning concatenated text result from text parts. Check the full candidates.content.parts accessor to get the full model response.
09-04 17:02:51     · 2-urinish: 1 ta kamchilik (11-savol: mayda tafsilot so‘ralgan («necha...»): 'Xolbeka va...)
Warning: there are non-text parts in the response: ['thought_signature'], returning concatenated text result from text parts. Check the full candidates.content.parts accessor to get the full model response.
Warning: there are non-text parts in the response: ['thought_signature'], returning concatenated text result from text parts. Check the full candidates.content.parts accessor to get the full model response.
09-04 17:03:54     ✓ tayyor (175 soniya, jami $0.57)
09-04 17:03:54  [8/30] Mehrobdan chayon (kesma, 96,112 belgi)
Warning: there are non-text parts in the response: ['thought_signature'], returning concatenated text result from text parts. Check the full candidates.content.parts accessor to get the full model response.
Warning: there are non-text parts in the response: ['thought_signature'], returning concatenated text result from text parts. Check the full candidates.content.parts accessor to get the full model response.
09-04 17:04:58     ✓ tayyor (64 soniya, jami $0.63)
09-04 17:04:58  [9/30] Muqaddas (kesma, 81,202 belgi)
Warning: there are non-text parts in the response: ['thought_signature'], returning concatenated text result from text parts. Check the full candidates.content.parts accessor to get the full model response.
Warning: there are non-text parts in the response: ['thought_signature'], returning concatenated text result from text parts. Check the full candidates.content.parts accessor to get the full model response.
09-04 17:05:58     · 1-urinish: 85 ta kamchilik (21-savol: mayda tafsilot so‘ralgan («necha...»): 'Muqaddas k...)
Warning: there are non-text parts in the response: ['thought_signature'], returning concatenated text result from text parts. Check the full candidates.content.parts accessor to get the full model response.
Warning: there are non-text parts in the response: ['thought_signature'], returning concatenated text result from text parts. Check the full candidates.content.parts accessor to get the full model response.
09-04 17:07:08     · 2-urinish: 5 ta kamchilik (8-savol: variant 10 so‘z — juda uzun: 'A) Gard yuqmagan yosh...)
Warning: there are non-text parts in the response: ['thought_signature'], returning concatenated text result from text parts. Check the full candidates.content.parts accessor to get the full model response.
Warning: there are non-text parts in the response: ['thought_signature'], returning concatenated text result from text parts. Check the full candidates.content.parts accessor to get the full model response.
09-04 17:08:10     · 3-urinish: 1 ta kamchilik (21-savol: mayda tafsilot so‘ralgan («necha...»): 'Imtihonda ...)
09-04 17:08:10     ✗ 3 urinishda ham chiqmadi — qo‘lda ko‘riladi
09-04 17:08:10  [10/30] Muvaffaqiyatli insonlarning 7 ko‘nikmasi (kesma, 97,763 belgi)
Warning: there are non-text parts in the response: ['thought_signature'], returning concatenated text result from text parts. Check the full candidates.content.parts accessor to get the full model response.
Warning: there are non-text parts in the response: ['thought_signature'], returning concatenated text result from text parts. Check the full candidates.content.parts accessor to get the full model response.
09-04 17:09:38     ✓ tayyor (88 soniya, jami $0.84)
09-04 17:09:38  [11/30] Odoblar xazinasi (kesma, 96,320 belgi)
Warning: there are non-text parts in the response: ['thought_signature'], returning concatenated text result from text parts. Check the full candidates.content.parts accessor to get the full model response.
Warning: there are non-text parts in the response: ['thought_signature'], returning concatenated text result from text parts. Check the full candidates.content.parts accessor to get the full model response.
09-04 17:10:16     ✓ tayyor (38 soniya, jami $0.88)
09-04 17:10:16  [12/30] Oq kema (kesma, 95,338 belgi)
Warning: there are non-text parts in the response: ['thought_signature'], returning concatenated text result from text parts. Check the full candidates.content.parts accessor to get the full model response.
Warning: there are non-text parts in the response: ['thought_signature'], returning concatenated text result from text parts. Check the full candidates.content.parts accessor to get the full model response.
09-04 17:11:13     ✓ tayyor (56 soniya, jami $0.94)
09-04 17:11:13  [13/30] Shirin bilan Shakar (kesma, 87,061 belgi)
Warning: there are non-text parts in the response: ['thought_signature'], returning concatenated text result from text parts. Check the full candidates.content.parts accessor to get the full model response.
Warning: there are non-text parts in the response: ['thought_signature'], returning concatenated text result from text parts. Check the full candidates.content.parts accessor to get the full model response.
09-04 17:12:36     · 1-urinish: 2 ta kamchilik («literal» qatlami: 11 ta (12 bo‘lishi kerak)...)
Warning: there are non-text parts in the response: ['thought_signature'], returning concatenated text result from text parts. Check the full candidates.content.parts accessor to get the full model response.
Warning: there are non-text parts in the response: ['thought_signature'], returning concatenated text result from text parts. Check the full candidates.content.parts accessor to get the full model response.
09-04 17:13:44     · 2-urinish: 2 ta kamchilik (1-savol: mayda tafsilot so‘ralgan («necha...»): 'Qosimxonnin...)
Warning: there are non-text parts in the response: ['thought_signature'], returning concatenated text result from text parts. Check the full candidates.content.parts accessor to get the full model response.
Warning: there are non-text parts in the response: ['thought_signature'], returning concatenated text result from text parts. Check the full candidates.content.parts accessor to get the full model response.
09-04 17:14:56     ✓ tayyor (224 soniya, jami $1.11)
09-04 17:14:56  [14/30] Tohir va Zuhra (to‘liq, 20,995 belgi)
Warning: there are non-text parts in the response: ['thought_signature'], returning concatenated text result from text parts. Check the full candidates.content.parts accessor to get the full model response.
Warning: there are non-text parts in the response: ['thought_signature'], returning concatenated text result from text parts. Check the full candidates.content.parts accessor to get the full model response.
09-04 17:15:41     · 1-urinish: 1 ta kamchilik (muhim parchalar 3 ta (kamida 4 bo‘lsin)...)
Warning: there are non-text parts in the response: ['thought_signature'], returning concatenated text result from text parts. Check the full candidates.content.parts accessor to get the full model response.
Warning: there are non-text parts in the response: ['thought_signature'], returning concatenated text result from text parts. Check the full candidates.content.parts accessor to get the full model response.
09-04 17:16:58     ✓ tayyor (122 soniya, jami $1.16)
09-04 17:16:58  [15/30] Turkiston qayg‘usi (kesma, 96,801 belgi)
Warning: there are non-text parts in the response: ['thought_signature'], returning concatenated text result from text parts. Check the full candidates.content.parts accessor to get the full model response.
Warning: there are non-text parts in the response: ['thought_signature'], returning concatenated text result from text parts. Check the full candidates.content.parts accessor to get the full model response.
09-04 17:18:05     · 1-urinish: 1 ta kamchilik (11-savol: mayda tafsilot so‘ralgan («necha...»): 'Alixonto‘r...)
Warning: there are non-text parts in the response: ['thought_signature'], returning concatenated text result from text parts. Check the full candidates.content.parts accessor to get the full model response.
Warning: there are non-text parts in the response: ['thought_signature'], returning concatenated text result from text parts. Check the full candidates.content.parts accessor to get the full model response.
09-04 17:19:18     ✓ tayyor (140 soniya, jami $1.27)
09-04 17:19:18  [16/30] Turkiy guliston yoxud axloq (kesma, 66,983 belgi)
Warning: there are non-text parts in the response: ['thought_signature'], returning concatenated text result from text parts. Check the full candidates.content.parts accessor to get the full model response.
Warning: there are non-text parts in the response: ['thought_signature'], returning concatenated text result from text parts. Check the full candidates.content.parts accessor to get the full model response.
09-04 17:20:22     ✓ tayyor (64 soniya, jami $1.32)
09-04 17:20:22  [17/30] Yaxshilik va silai rahm (kesma, 100,633 belgi)
Warning: there are non-text parts in the response: ['thought_signature'], returning concatenated text result from text parts. Check the full candidates.content.parts accessor to get the full model response.
Warning: there are non-text parts in the response: ['thought_signature'], returning concatenated text result from text parts. Check the full candidates.content.parts accessor to get the full model response.
09-04 17:21:02     ✓ tayyor (39 soniya, jami $1.36)
09-04 17:21:02  [18/30] Amir Temur siymosi (kesma, 95,842 belgi)
Warning: there are non-text parts in the response: ['thought_signature'], returning concatenated text result from text parts. Check the full candidates.content.parts accessor to get the full model response.
Warning: there are non-text parts in the response: ['thought_signature'], returning concatenated text result from text parts. Check the full candidates.content.parts accessor to get the full model response.
09-04 17:22:15     ✓ tayyor (74 soniya, jami $1.42)
09-04 17:22:15  [19/30] Dorian Greyning portreti (kesma, 95,608 belgi)
Warning: there are non-text parts in the response: ['thought_signature'], returning concatenated text result from text parts. Check the full candidates.content.parts accessor to get the full model response.
Warning: there are non-text parts in the response: ['thought_signature'], returning concatenated text result from text parts. Check the full candidates.content.parts accessor to get the full model response.
09-04 17:23:26     ✓ tayyor (71 soniya, jami $1.48)
09-04 17:23:26  [20/30] Ikki eshik orasi (kesma, 96,502 belgi)
Warning: there are non-text parts in the response: ['thought_signature'], returning concatenated text result from text parts. Check the full candidates.content.parts accessor to get the full model response.
Warning: there are non-text parts in the response: ['thought_signature'], returning concatenated text result from text parts. Check the full candidates.content.parts accessor to get the full model response.
09-04 17:23:43     ✓ tayyor (17 soniya, jami $1.51)
09-04 17:23:43  [21/30] Islomda Vatan tushunchasi (kesma, 63,042 belgi)
Warning: there are non-text parts in the response: ['thought_signature'], returning concatenated text result from text parts. Check the full candidates.content.parts accessor to get the full model response.
Warning: there are non-text parts in the response: ['thought_signature'], returning concatenated text result from text parts. Check the full candidates.content.parts accessor to get the full model response.
09-04 17:24:16     ✓ tayyor (33 soniya, jami $1.54)
09-04 17:24:16  [22/30] Jaziramadagi odamlar (kesma, 95,987 belgi)
Warning: there are non-text parts in the response: ['thought_signature'], returning concatenated text result from text parts. Check the full candidates.content.parts accessor to get the full model response.
Warning: there are non-text parts in the response: ['thought_signature'], returning concatenated text result from text parts. Check the full candidates.content.parts accessor to get the full model response.
09-04 17:24:49     ✓ tayyor (32 soniya, jami $1.58)
09-04 17:24:49  [23/30] Mantiq ut-tayr (kesma, 95,243 belgi)
Warning: there are non-text parts in the response: ['thought_signature'], returning concatenated text result from text parts. Check the full candidates.content.parts accessor to get the full model response.
Warning: there are non-text parts in the response: ['thought_signature'], returning concatenated text result from text parts. Check the full candidates.content.parts accessor to get the full model response.
09-04 17:25:16     ✓ tayyor (28 soniya, jami $1.62)
09-04 17:25:16  [24/30] Martin Iden (kesma, 96,162 belgi)
Warning: there are non-text parts in the response: ['thought_signature'], returning concatenated text result from text parts. Check the full candidates.content.parts accessor to get the full model response.
Warning: there are non-text parts in the response: ['thought_signature'], returning concatenated text result from text parts. Check the full candidates.content.parts accessor to get the full model response.
09-04 17:26:03     · 1-urinish: 1 ta kamchilik (29-savol: to‘g‘ri javob variantlar orasida yo‘q...)
Warning: there are non-text parts in the response: ['thought_signature'], returning concatenated text result from text parts. Check the full candidates.content.parts accessor to get the full model response.
Warning: there are non-text parts in the response: ['thought_signature'], returning concatenated text result from text parts. Check the full candidates.content.parts accessor to get the full model response.
09-04 17:27:11     ✓ tayyor (115 soniya, jami $1.73)
09-04 17:27:11  [25/30] Mening hayotim (kesma, 95,798 belgi)
Warning: there are non-text parts in the response: ['thought_signature'], returning concatenated text result from text parts. Check the full candidates.content.parts accessor to get the full model response.
Warning: there are non-text parts in the response: ['thought_signature'], returning concatenated text result from text parts. Check the full candidates.content.parts accessor to get the full model response.
09-04 17:28:22     · 1-urinish: 2 ta kamchilik (12-savol: mayda tafsilot so‘ralgan («necha...»): 'Ford ish k...)
Warning: there are non-text parts in the response: ['thought_signature'], returning concatenated text result from text parts. Check the full candidates.content.parts accessor to get the full model response.
Warning: there are non-text parts in the response: ['thought_signature'], returning concatenated text result from text parts. Check the full candidates.content.parts accessor to get the full model response.
09-04 17:29:41     ✓ tayyor (150 soniya, jami $1.84)
09-04 17:29:41  [26/30] Ozodlik (kesma, 74,358 belgi)
Warning: there are non-text parts in the response: ['thought_signature'], returning concatenated text result from text parts. Check the full candidates.content.parts accessor to get the full model response.
Warning: there are non-text parts in the response: ['thought_signature'], returning concatenated text result from text parts. Check the full candidates.content.parts accessor to get the full model response.
09-04 17:30:50     ✓ tayyor (69 soniya, jami $1.89)
09-04 17:30:50  [27/30] O‘zlikni qayta kashf etish (to‘liq, 25,659 belgi)
Warning: there are non-text parts in the response: ['thought_signature'], returning concatenated text result from text parts. Check the full candidates.content.parts accessor to get the full model response.
Warning: there are non-text parts in the response: ['thought_signature'], returning concatenated text result from text parts. Check the full candidates.content.parts accessor to get the full model response.
09-04 17:32:01     ✓ tayyor (71 soniya, jami $1.92)
09-04 17:32:01  [28/30] Qutlug‘ qon (kesma, 95,569 belgi)
Warning: there are non-text parts in the response: ['thought_signature'], returning concatenated text result from text parts. Check the full candidates.content.parts accessor to get the full model response.
Warning: there are non-text parts in the response: ['thought_signature'], returning concatenated text result from text parts. Check the full candidates.content.parts accessor to get the full model response.
09-04 17:32:35     ✓ tayyor (33 soniya, jami $1.96)
09-04 17:32:35  [29/30] Yoz yomg‘iri (kesma, 95,396 belgi)
Warning: there are non-text parts in the response: ['thought_signature'], returning concatenated text result from text parts. Check the full candidates.content.parts accessor to get the full model response.
Warning: there are non-text parts in the response: ['thought_signature'], returning concatenated text result from text parts. Check the full candidates.content.parts accessor to get the full model response.
09-04 17:33:24     ✓ tayyor (49 soniya, jami $2.02)
09-04 17:33:24  [30/30] Shunaqa bolani qidirib yuribman (kesma, 46,539 belgi)
Warning: there are non-text parts in the response: ['thought_signature'], returning concatenated text result from text parts. Check the full candidates.content.parts accessor to get the full model response.
Warning: there are non-text parts in the response: ['thought_signature'], returning concatenated text result from text parts. Check the full candidates.content.parts accessor to get the full model response.
09-04 17:34:13     ✓ tayyor (48 soniya, jami $2.06)

09-04 17:34:13  YAKUN: 29 ta tayyor, 1 ta chiqmadi. Sarflandi: $2.06 (kirish 1,538,451, chiqish 241,211 token)
Unclosed client session
client_session: <aiohttp.client.ClientSession object at 0x10821cc10>
Unclosed connector
connections: ['deque([(<aiohttp.client_proto.ResponseHandler object at 0x1082669a0>, 2419.007803875)])']
connector: <aiohttp.connector.TCPConnector object at 0x10821c8e0>
=== 3-KUN TUGADI ===
/Users/bolalaryozuvchisi/Library/Python/3.9/lib/python/site-packages/google/auth/__init__.py:54: FutureWarning: You are using a Python version 3.9 past its end of life. Google will update google-auth with critical bug fixes on a best-effort basis, but not with any other fixes or features. Please upgrade your Python version, and then update google-auth.
  warnings.warn(eol_message.format("3.9"), FutureWarning)
/Users/bolalaryozuvchisi/Library/Python/3.9/lib/python/site-packages/urllib3/__init__.py:35: NotOpenSSLWarning: urllib3 v2 only supports OpenSSL 1.1.1+, currently the 'ssl' module is compiled with 'LibreSSL 2.8.3'. See: https://github.com/urllib3/urllib3/issues/3020
  warnings.warn(
/Users/bolalaryozuvchisi/Library/Python/3.9/lib/python/site-packages/google/oauth2/__init__.py:40: FutureWarning: You are using a Python version 3.9 past its end of life. Google will update google-auth with critical bug fixes on a best-effort basis, but not with any other fixes or features. Please upgrade your Python version, and then update google-auth.
  warnings.warn(eol_message.format("3.9"), FutureWarning)
4-kun: 30 ta kitob, taxminiy narx ~$1.21

09-04 17:34:13  [1/30] Bu ummatning qizi (kesma, 95,850 belgi)
Warning: there are non-text parts in the response: ['thought_signature'], returning concatenated text result from text parts. Check the full candidates.content.parts accessor to get the full model response.
Warning: there are non-text parts in the response: ['thought_signature'], returning concatenated text result from text parts. Check the full candidates.content.parts accessor to get the full model response.
09-04 17:34:50     ✓ tayyor (37 soniya, jami $0.04)
09-04 17:34:50  [2/30] Daftar hoshiyasidagi bitiklar (kesma, 96,905 belgi)
Warning: there are non-text parts in the response: ['thought_signature'], returning concatenated text result from text parts. Check the full candidates.content.parts accessor to get the full model response.
Warning: there are non-text parts in the response: ['thought_signature'], returning concatenated text result from text parts. Check the full candidates.content.parts accessor to get the full model response.
09-04 17:35:57     ✓ tayyor (67 soniya, jami $0.10)
09-04 17:35:57  [3/30] Farhod va Shirin (kesma, 95,658 belgi)
Warning: there are non-text parts in the response: ['thought_signature'], returning concatenated text result from text parts. Check the full candidates.content.parts accessor to get the full model response.
Warning: there are non-text parts in the response: ['thought_signature'], returning concatenated text result from text parts. Check the full candidates.content.parts accessor to get the full model response.
09-04 17:36:38     · 1-urinish: 1 ta kamchilik (1-savol: mayda tafsilot so‘ralgan («necha...»): 'Farhod nech...)
Warning: there are non-text parts in the response: ['thought_signature'], returning concatenated text result from text parts. Check the full candidates.content.parts accessor to get the full model response.
Warning: there are non-text parts in the response: ['thought_signature'], returning concatenated text result from text parts. Check the full candidates.content.parts accessor to get the full model response.
09-04 17:37:41     ✓ tayyor (104 soniya, jami $0.20)
09-04 17:37:41  [4/30] Graf Monte-Kristo (kesma, 96,237 belgi)
Warning: there are non-text parts in the response: ['thought_signature'], returning concatenated text result from text parts. Check the full candidates.content.parts accessor to get the full model response.
Warning: there are non-text parts in the response: ['thought_signature'], returning concatenated text result from text parts. Check the full candidates.content.parts accessor to get the full model response.
09-04 17:38:57     · 1-urinish: 1 ta kamchilik (10-savol: mayda tafsilot so‘ralgan («necha...»): "Dantes arm...)
Warning: there are non-text parts in the response: ['thought_signature'], returning concatenated text result from text parts. Check the full candidates.content.parts accessor to get the full model response.
Warning: there are non-text parts in the response: ['thought_signature'], returning concatenated text result from text parts. Check the full candidates.content.parts accessor to get the full model response.
09-04 17:39:44     ✓ tayyor (123 soniya, jami $0.31)
09-04 17:39:44  [5/30] Guliston (kesma, 88,650 belgi)
Warning: there are non-text parts in the response: ['thought_signature'], returning concatenated text result from text parts. Check the full candidates.content.parts accessor to get the full model response.
Warning: there are non-text parts in the response: ['thought_signature'], returning concatenated text result from text parts. Check the full candidates.content.parts accessor to get the full model response.
09-04 17:40:56     ✓ tayyor (72 soniya, jami $0.37)
09-04 17:40:56  [6/30] Ijtimoiy odoblar (kesma, 98,230 belgi)
Warning: there are non-text parts in the response: ['thought_signature'], returning concatenated text result from text parts. Check the full candidates.content.parts accessor to get the full model response.
Warning: there are non-text parts in the response: ['thought_signature'], returning concatenated text result from text parts. Check the full candidates.content.parts accessor to get the full model response.
09-04 17:41:32     ✓ tayyor (36 soniya, jami $0.41)
09-04 17:41:32  [7/30] Isrof (kesma, 61,402 belgi)
Warning: there are non-text parts in the response: ['thought_signature'], returning concatenated text result from text parts. Check the full candidates.content.parts accessor to get the full model response.
Warning: there are non-text parts in the response: ['thought_signature'], returning concatenated text result from text parts. Check the full candidates.content.parts accessor to get the full model response.
09-04 17:42:13     ✓ tayyor (40 soniya, jami $0.44)
09-04 17:42:13  [8/30] Lison ut-tayr (kesma, 97,453 belgi)
Warning: there are non-text parts in the response: ['thought_signature'], returning concatenated text result from text parts. Check the full candidates.content.parts accessor to get the full model response.
Warning: there are non-text parts in the response: ['thought_signature'], returning concatenated text result from text parts. Check the full candidates.content.parts accessor to get the full model response.
09-04 17:43:27     · 1-urinish: 3 ta kamchilik (1-savol: mayda tafsilot so‘ralgan («necha...»): 'Attorning «...)
Warning: there are non-text parts in the response: ['thought_signature'], returning concatenated text result from text parts. Check the full candidates.content.parts accessor to get the full model response.
Warning: there are non-text parts in the response: ['thought_signature'], returning concatenated text result from text parts. Check the full candidates.content.parts accessor to get the full model response.
09-04 17:44:19     · 2-urinish: 1 ta kamchilik (8-savol: mayda tafsilot so‘ralgan («necha...»): 'Iblisning n...)
Warning: there are non-text parts in the response: ['thought_signature'], returning concatenated text result from text parts. Check the full candidates.content.parts accessor to get the full model response.
Warning: there are non-text parts in the response: ['thought_signature'], returning concatenated text result from text parts. Check the full candidates.content.parts accessor to get the full model response.
09-04 17:45:35     ✓ tayyor (202 soniya, jami $0.61)
09-04 17:45:35  [9/30] Manas (kesma, 96,926 belgi)
Warning: there are non-text parts in the response: ['thought_signature'], returning concatenated text result from text parts. Check the full candidates.content.parts accessor to get the full model response.
Warning: there are non-text parts in the response: ['thought_signature'], returning concatenated text result from text parts. Check the full candidates.content.parts accessor to get the full model response.
09-04 17:46:40     ✓ tayyor (65 soniya, jami $0.67)
09-04 17:46:40  [10/30] Navoiy (kesma, 96,008 belgi)
Warning: there are non-text parts in the response: ['thought_signature'], returning concatenated text result from text parts. Check the full candidates.content.parts accessor to get the full model response.
Warning: there are non-text parts in the response: ['thought_signature'], returning concatenated text result from text parts. Check the full candidates.content.parts accessor to get the full model response.
09-04 17:48:01     · 1-urinish: 3 ta kamchilik (1-savol: mayda tafsilot so‘ralgan («necha...»): 'Alovuddin M...)
Warning: there are non-text parts in the response: ['thought_signature'], returning concatenated text result from text parts. Check the full candidates.content.parts accessor to get the full model response.
Warning: there are non-text parts in the response: ['thought_signature'], returning concatenated text result from text parts. Check the full candidates.content.parts accessor to get the full model response.
09-04 17:49:12     ✓ tayyor (152 soniya, jami $0.78)
09-04 17:49:12  [11/30] Odamlardan tinglab (kesma, 95,641 belgi)
Warning: there are non-text parts in the response: ['thought_signature'], returning concatenated text result from text parts. Check the full candidates.content.parts accessor to get the full model response.
Warning: there are non-text parts in the response: ['thought_signature'], returning concatenated text result from text parts. Check the full candidates.content.parts accessor to get the full model response.
09-04 17:49:37     ✓ tayyor (25 soniya, jami $0.82)
09-04 17:49:37  [12/30] Pul psixologiyasi (kesma, 95,931 belgi)
Warning: there are non-text parts in the response: ['thought_signature'], returning concatenated text result from text parts. Check the full candidates.content.parts accessor to get the full model response.
Warning: there are non-text parts in the response: ['thought_signature'], returning concatenated text result from text parts. Check the full candidates.content.parts accessor to get the full model response.
09-04 17:50:32     · 1-urinish: 2 ta kamchilik (11-savol: mayda tafsilot so‘ralgan («necha...»): 'Uorren Baf...)
Warning: there are non-text parts in the response: ['thought_signature'], returning concatenated text result from text parts. Check the full candidates.content.parts accessor to get the full model response.
Warning: there are non-text parts in the response: ['thought_signature'], returning concatenated text result from text parts. Check the full candidates.content.parts accessor to get the full model response.
09-04 17:51:50     ✓ tayyor (133 soniya, jami $0.93)
09-04 17:51:50  [13/30] Qulog‘im senda, qizim (kesma, 96,774 belgi)
Warning: there are non-text parts in the response: ['thought_signature'], returning concatenated text result from text parts. Check the full candidates.content.parts accessor to get the full model response.
Warning: there are non-text parts in the response: ['thought_signature'], returning concatenated text result from text parts. Check the full candidates.content.parts accessor to get the full model response.
09-04 17:52:26     ✓ tayyor (35 soniya, jami $0.97)
09-04 17:52:26  [14/30] Shohnoma (kesma, 95,366 belgi)
Warning: there are non-text parts in the response: ['thought_signature'], returning concatenated text result from text parts. Check the full candidates.content.parts accessor to get the full model response.
Warning: there are non-text parts in the response: ['thought_signature'], returning concatenated text result from text parts. Check the full candidates.content.parts accessor to get the full model response.
09-04 17:52:52     ✓ tayyor (26 soniya, jami $1.01)
09-04 17:52:52  [15/30] Spitamen (kesma, 95,912 belgi)
Warning: there are non-text parts in the response: ['thought_signature'], returning concatenated text result from text parts. Check the full candidates.content.parts accessor to get the full model response.
Warning: there are non-text parts in the response: ['thought_signature'], returning concatenated text result from text parts. Check the full candidates.content.parts accessor to get the full model response.
09-04 17:53:17     · 1-urinish: 1 ta kamchilik (imlo xatosi: 'etish xayoli bilan qo’liga qurol olib, qat'...)
Warning: there are non-text parts in the response: ['thought_signature'], returning concatenated text result from text parts. Check the full candidates.content.parts accessor to get the full model response.
Warning: there are non-text parts in the response: ['thought_signature'], returning concatenated text result from text parts. Check the full candidates.content.parts accessor to get the full model response.
09-04 17:53:45     ✓ tayyor (53 soniya, jami $1.08)
09-04 17:53:45  [16/30] Ulug‘bek xazinasi (kesma, 96,094 belgi)
Warning: there are non-text parts in the response: ['thought_signature'], returning concatenated text result from text parts. Check the full candidates.content.parts accessor to get the full model response.
Warning: there are non-text parts in the response: ['thought_signature'], returning concatenated text result from text parts. Check the full candidates.content.parts accessor to get the full model response.
09-04 17:54:34     ✓ tayyor (49 soniya, jami $1.13)
09-04 17:54:34  [17/30] Xoldorxon (kesma, 95,307 belgi)
Warning: there are non-text parts in the response: ['thought_signature'], returning concatenated text result from text parts. Check the full candidates.content.parts accessor to get the full model response.
Warning: there are non-text parts in the response: ['thought_signature'], returning concatenated text result from text parts. Check the full candidates.content.parts accessor to get the full model response.
09-04 17:55:34     · 1-urinish: 1 ta kamchilik (21-savol: mayda tafsilot so‘ralgan («necha...»): 'Go‘ro‘g‘li...)
Warning: there are non-text parts in the response: ['thought_signature'], returning concatenated text result from text parts. Check the full candidates.content.parts accessor to get the full model response.
Warning: there are non-text parts in the response: ['thought_signature'], returning concatenated text result from text parts. Check the full candidates.content.parts accessor to get the full model response.
09-04 17:56:47     ✓ tayyor (133 soniya, jami $1.25)
09-04 17:56:47  [18/30] Yolg‘on (kesma, 59,073 belgi)
Warning: there are non-text parts in the response: ['thought_signature'], returning concatenated text result from text parts. Check the full candidates.content.parts accessor to get the full model response.
Warning: there are non-text parts in the response: ['thought_signature'], returning concatenated text result from text parts. Check the full candidates.content.parts accessor to get the full model response.
09-04 17:57:33     ✓ tayyor (45 soniya, jami $1.28)
09-04 17:57:33  [19/30] Boboso‘z izidan (kesma, 100,544 belgi)
Warning: there are non-text parts in the response: ['thought_signature'], returning concatenated text result from text parts. Check the full candidates.content.parts accessor to get the full model response.
Warning: there are non-text parts in the response: ['thought_signature'], returning concatenated text result from text parts. Check the full candidates.content.parts accessor to get the full model response.
09-04 17:58:42     · 1-urinish: 1 ta kamchilik (26-savol: mayda tafsilot so‘ralgan («necha...»): 'Navoiyning...)
Warning: there are non-text parts in the response: ['thought_signature'], returning concatenated text result from text parts. Check the full candidates.content.parts accessor to get the full model response.
Warning: there are non-text parts in the response: ['thought_signature'], returning concatenated text result from text parts. Check the full candidates.content.parts accessor to get the full model response.
09-04 18:00:03     ✓ tayyor (150 soniya, jami $1.40)
09-04 18:00:03  [20/30] Ego — dushmaning (kesma, 96,398 belgi)
Warning: there are non-text parts in the response: ['thought_signature'], returning concatenated text result from text parts. Check the full candidates.content.parts accessor to get the full model response.
Warning: there are non-text parts in the response: ['thought_signature'], returning concatenated text result from text parts. Check the full candidates.content.parts accessor to get the full model response.
09-04 18:01:18     · 1-urinish: 3 ta kamchilik (begona so‘z «The»: 'atli qolgan.\n• Ketrin Grem — «The Washi...)
Warning: there are non-text parts in the response: ['thought_signature'], returning concatenated text result from text parts. Check the full candidates.content.parts accessor to get the full model response.
Warning: there are non-text parts in the response: ['thought_signature'], returning concatenated text result from text parts. Check the full candidates.content.parts accessor to get the full model response.
09-04 18:02:34     · 2-urinish: 1 ta kamchilik (23-savol: mayda tafsilot so‘ralgan («necha...»): 'Tom Breydi...)
Warning: there are non-text parts in the response: ['thought_signature'], returning concatenated text result from text parts. Check the full candidates.content.parts accessor to get the full model response.
Warning: there are non-text parts in the response: ['thought_signature'], returning concatenated text result from text parts. Check the full candidates.content.parts accessor to get the full model response.
09-04 18:03:50     ✓ tayyor (227 soniya, jami $1.57)
09-04 18:03:50  [21/30] Hamlet (kesma, 86,429 belgi)
Warning: there are non-text parts in the response: ['thought_signature'], returning concatenated text result from text parts. Check the full candidates.content.parts accessor to get the full model response.
Warning: there are non-text parts in the response: ['thought_signature'], returning concatenated text result from text parts. Check the full candidates.content.parts accessor to get the full model response.
09-04 18:04:57     ✓ tayyor (67 soniya, jami $1.62)
09-04 18:04:57  [22/30] Kambag‘allar (kesma, 95,520 belgi)
Warning: there are non-text parts in the response: ['thought_signature'], returning concatenated text result from text parts. Check the full candidates.content.parts accessor to get the full model response.
Warning: there are non-text parts in the response: ['thought_signature'], returning concatenated text result from text parts. Check the full candidates.content.parts accessor to get the full model response.
09-04 18:05:28     ✓ tayyor (30 soniya, jami $1.66)
09-04 18:05:28  [23/30] Kecha va kunduz (kesma, 95,879 belgi)
Warning: there are non-text parts in the response: ['thought_signature'], returning concatenated text result from text parts. Check the full candidates.content.parts accessor to get the full model response.
Warning: there are non-text parts in the response: ['thought_signature'], returning concatenated text result from text parts. Check the full candidates.content.parts accessor to get the full model response.
09-04 18:05:59     ✓ tayyor (31 soniya, jami $1.70)
09-04 18:05:59  [24/30] Mezon (to‘liq, 50,458 belgi)
Warning: there are non-text parts in the response: ['thought_signature'], returning concatenated text result from text parts. Check the full candidates.content.parts accessor to get the full model response.
Warning: there are non-text parts in the response: ['thought_signature'], returning concatenated text result from text parts. Check the full candidates.content.parts accessor to get the full model response.
09-04 18:07:13     ✓ tayyor (75 soniya, jami $1.74)
09-04 18:07:13  [25/30] Mo‘minning me'roji (kesma, 97,828 belgi)
Warning: there are non-text parts in the response: ['thought_signature'], returning concatenated text result from text parts. Check the full candidates.content.parts accessor to get the full model response.
Warning: there are non-text parts in the response: ['thought_signature'], returning concatenated text result from text parts. Check the full candidates.content.parts accessor to get the full model response.
09-04 18:07:45     · 1-urinish: 1 ta kamchilik (3-savol: savol yo‘q yoki savol shaklida emas...)
Warning: there are non-text parts in the response: ['thought_signature'], returning concatenated text result from text parts. Check the full candidates.content.parts accessor to get the full model response.
Warning: there are non-text parts in the response: ['thought_signature'], returning concatenated text result from text parts. Check the full candidates.content.parts accessor to get the full model response.
09-04 18:08:23     ✓ tayyor (70 soniya, jami $1.82)
09-04 18:08:23  [26/30] Panoh (kesma, 54,147 belgi)
09-04 18:08:25  [ai] XATO [kitob_pasporti - urinish 1]: 503 UNAVAILABLE. {'error': {'code': 503, 'message': 'The service is currently unavailable.', 'status': 'UNAVAILABLE'}}
09-04 18:08:25     ✗ 1-urinish: AI xatosi: ServerError("503 UNAVAILABLE. {'error': {'code': 503, 'message': 'The service is currently unavailable.', 'status': 'UNAVAILABLE'}}")
Warning: there are non-text parts in the response: ['thought_signature'], returning concatenated text result from text parts. Check the full candidates.content.parts accessor to get the full model response.
Warning: there are non-text parts in the response: ['thought_signature'], returning concatenated text result from text parts. Check the full candidates.content.parts accessor to get the full model response.
09-04 18:09:47     ✓ tayyor (84 soniya, jami $1.87)
09-04 18:09:47  [27/30] Qutadg‘u bilig (kesma, 96,567 belgi)
Warning: there are non-text parts in the response: ['thought_signature'], returning concatenated text result from text parts. Check the full candidates.content.parts accessor to get the full model response.
Warning: there are non-text parts in the response: ['thought_signature'], returning concatenated text result from text parts. Check the full candidates.content.parts accessor to get the full model response.
09-04 18:11:14     ✓ tayyor (87 soniya, jami $1.93)
09-04 18:11:14  [28/30] Sarob (kesma, 95,633 belgi)
Warning: there are non-text parts in the response: ['thought_signature'], returning concatenated text result from text parts. Check the full candidates.content.parts accessor to get the full model response.
Warning: there are non-text parts in the response: ['thought_signature'], returning concatenated text result from text parts. Check the full candidates.content.parts accessor to get the full model response.
09-04 18:11:58     ✓ tayyor (43 soniya, jami $1.98)
09-04 18:11:58  [29/30] Xavotirlanishni bas qilish va yashay boshlash yo‘llari (kesma, 95,834 belgi)
Warning: there are non-text parts in the response: ['thought_signature'], returning concatenated text result from text parts. Check the full candidates.content.parts accessor to get the full model response.
Warning: there are non-text parts in the response: ['thought_signature'], returning concatenated text result from text parts. Check the full candidates.content.parts accessor to get the full model response.
09-04 18:13:19     ✓ tayyor (82 soniya, jami $2.04)
09-04 18:13:19  [30/30] Uch baqaloq (kesma, 95,544 belgi)
Warning: there are non-text parts in the response: ['thought_signature'], returning concatenated text result from text parts. Check the full candidates.content.parts accessor to get the full model response.
Warning: there are non-text parts in the response: ['thought_signature'], returning concatenated text result from text parts. Check the full candidates.content.parts accessor to get the full model response.
09-04 18:14:29     ✓ tayyor (70 soniya, jami $2.09)

09-04 18:14:29  YAKUN: 30 ta tayyor, 0 ta chiqmadi. Sarflandi: $2.09 (kirish 1,621,272, chiqish 233,728 token)
Unclosed client session
client_session: <aiohttp.client.ClientSession object at 0x10c5e0c40>
Unclosed connector
connections: ['deque([(<aiohttp.client_proto.ResponseHandler object at 0x10c629520>, 2416.597306875)])']
connector: <aiohttp.connector.TCPConnector object at 0x10c5e0910>
=== 4-KUN TUGADI ===
/Users/bolalaryozuvchisi/Library/Python/3.9/lib/python/site-packages/google/auth/__init__.py:54: FutureWarning: You are using a Python version 3.9 past its end of life. Google will update google-auth with critical bug fixes on a best-effort basis, but not with any other fixes or features. Please upgrade your Python version, and then update google-auth.
  warnings.warn(eol_message.format("3.9"), FutureWarning)
/Users/bolalaryozuvchisi/Library/Python/3.9/lib/python/site-packages/urllib3/__init__.py:35: NotOpenSSLWarning: urllib3 v2 only supports OpenSSL 1.1.1+, currently the 'ssl' module is compiled with 'LibreSSL 2.8.3'. See: https://github.com/urllib3/urllib3/issues/3020
  warnings.warn(
/Users/bolalaryozuvchisi/Library/Python/3.9/lib/python/site-packages/google/oauth2/__init__.py:40: FutureWarning: You are using a Python version 3.9 past its end of life. Google will update google-auth with critical bug fixes on a best-effort basis, but not with any other fixes or features. Please upgrade your Python version, and then update google-auth.
  warnings.warn(eol_message.format("3.9"), FutureWarning)
1-kun: 3 ta kitob, taxminiy narx ~$0.11

09-04 18:14:30  [1/3] Raqamlar uchun yaralgan idrok (kesma, 101,036 belgi)
Warning: there are non-text parts in the response: ['thought_signature'], returning concatenated text result from text parts. Check the full candidates.content.parts accessor to get the full model response.
Warning: there are non-text parts in the response: ['thought_signature'], returning concatenated text result from text parts. Check the full candidates.content.parts accessor to get the full model response.
09-04 18:15:19     · 1-urinish: 1 ta kamchilik (11-savol: mayda tafsilot so‘ralgan («necha...»): '«Pomodoro»...)
Warning: there are non-text parts in the response: ['thought_signature'], returning concatenated text result from text parts. Check the full candidates.content.parts accessor to get the full model response.
Warning: there are non-text parts in the response: ['thought_signature'], returning concatenated text result from text parts. Check the full candidates.content.parts accessor to get the full model response.
09-04 18:16:26     · 2-urinish: 1 ta kamchilik (imlo xatosi: "di. Muallif 'Pomodoro' texnikasi, 'zombila"...)
Warning: there are non-text parts in the response: ['thought_signature'], returning concatenated text result from text parts. Check the full candidates.content.parts accessor to get the full model response.
Warning: there are non-text parts in the response: ['thought_signature'], returning concatenated text result from text parts. Check the full candidates.content.parts accessor to get the full model response.
09-04 18:17:14     · 3-urinish: 8 ta kamchilik (13-savol: mayda tafsilot so‘ralgan («necha...»): "'Pomodoro'...)
09-04 18:17:14     ✗ 3 urinishda ham chiqmadi — qo‘lda ko‘riladi
09-04 18:17:14  [2/3]  (to‘liq, 10,364 belgi)
Warning: there are non-text parts in the response: ['thought_signature'], returning concatenated text result from text parts. Check the full candidates.content.parts accessor to get the full model response.
Warning: there are non-text parts in the response: ['thought_signature'], returning concatenated text result from text parts. Check the full candidates.content.parts accessor to get the full model response.
09-04 18:18:15     · 1-urinish: 2 ta kamchilik («title» maydoni bo‘sh...)
Warning: there are non-text parts in the response: ['thought_signature'], returning concatenated text result from text parts. Check the full candidates.content.parts accessor to get the full model response.
Warning: there are non-text parts in the response: ['thought_signature'], returning concatenated text result from text parts. Check the full candidates.content.parts accessor to get the full model response.
09-04 18:19:14     · 2-urinish: 2 ta kamchilik («title» maydoni bo‘sh...)
Warning: there are non-text parts in the response: ['thought_signature'], returning concatenated text result from text parts. Check the full candidates.content.parts accessor to get the full model response.
Warning: there are non-text parts in the response: ['thought_signature'], returning concatenated text result from text parts. Check the full candidates.content.parts accessor to get the full model response.
09-04 18:20:11     · 3-urinish: 2 ta kamchilik («title» maydoni bo‘sh...)
09-04 18:20:11     ✗ 3 urinishda ham chiqmadi — qo‘lda ko‘riladi
09-04 18:20:11  [3/3] Zukkolar va landavurlar (kesma, 95,876 belgi)
Warning: there are non-text parts in the response: ['thought_signature'], returning concatenated text result from text parts. Check the full candidates.content.parts accessor to get the full model response.
Warning: there are non-text parts in the response: ['thought_signature'], returning concatenated text result from text parts. Check the full candidates.content.parts accessor to get the full model response.
09-04 18:21:34     · 1-urinish: 2 ta kamchilik («literal» qatlami: 11 ta (12 bo‘lishi kerak)...)
Warning: there are non-text parts in the response: ['thought_signature'], returning concatenated text result from text parts. Check the full candidates.content.parts accessor to get the full model response.
Warning: there are non-text parts in the response: ['thought_signature'], returning concatenated text result from text parts. Check the full candidates.content.parts accessor to get the full model response.
09-04 18:22:47     · 2-urinish: 1 ta kamchilik (6-savol: mayda tafsilot so‘ralgan («necha...»): 'Nega yosh b...)
Warning: there are non-text parts in the response: ['thought_signature'], returning concatenated text result from text parts. Check the full candidates.content.parts accessor to get the full model response.
Warning: there are non-text parts in the response: ['thought_signature'], returning concatenated text result from text parts. Check the full candidates.content.parts accessor to get the full model response.
09-04 18:24:19     ✓ tayyor (248 soniya, jami $0.42)

09-04 18:24:19  YAKUN: 1 ta tayyor, 2 ta chiqmadi. Sarflandi: $0.42 (kirish 274,504, chiqish 57,996 token)
Unclosed client session
client_session: <aiohttp.client.ClientSession object at 0x10a27cb50>
Unclosed connector
connections: ['deque([(<aiohttp.client_proto.ResponseHandler object at 0x10a2c6520>, 589.92357525)])']
connector: <aiohttp.connector.TCPConnector object at 0x10a27c820>
/Users/bolalaryozuvchisi/Library/Python/3.9/lib/python/site-packages/google/auth/__init__.py:54: FutureWarning: You are using a Python version 3.9 past its end of life. Google will update google-auth with critical bug fixes on a best-effort basis, but not with any other fixes or features. Please upgrade your Python version, and then update google-auth.
  warnings.warn(eol_message.format("3.9"), FutureWarning)
/Users/bolalaryozuvchisi/Library/Python/3.9/lib/python/site-packages/urllib3/__init__.py:35: NotOpenSSLWarning: urllib3 v2 only supports OpenSSL 1.1.1+, currently the 'ssl' module is compiled with 'LibreSSL 2.8.3'. See: https://github.com/urllib3/urllib3/issues/3020
  warnings.warn(
/Users/bolalaryozuvchisi/Library/Python/3.9/lib/python/site-packages/google/oauth2/__init__.py:40: FutureWarning: You are using a Python version 3.9 past its end of life. Google will update google-auth with critical bug fixes on a best-effort basis, but not with any other fixes or features. Please upgrade your Python version, and then update google-auth.
  warnings.warn(eol_message.format("3.9"), FutureWarning)
2-kun: 2 ta kitob, taxminiy narx ~$0.07

09-04 18:24:20  [1/2] Diqqat. Chalg‘ituvchi dunyoda muvaffaqiyat sirlari (kesma, 97,167 belgi)
Warning: there are non-text parts in the response: ['thought_signature'], returning concatenated text result from text parts. Check the full candidates.content.parts accessor to get the full model response.
Warning: there are non-text parts in the response: ['thought_signature'], returning concatenated text result from text parts. Check the full candidates.content.parts accessor to get the full model response.
09-04 18:25:35     · 1-urinish: 4 ta kamchilik (21-savol: mayda tafsilot so‘ralgan («necha...»): 'Baratunde ...)
Warning: there are non-text parts in the response: ['thought_signature'], returning concatenated text result from text parts. Check the full candidates.content.parts accessor to get the full model response.
Warning: there are non-text parts in the response: ['thought_signature'], returning concatenated text result from text parts. Check the full candidates.content.parts accessor to get the full model response.
09-04 18:26:52     ✓ tayyor (152 soniya, jami $0.12)
09-04 18:26:52  [2/2]  (to‘liq, 11,170 belgi)
Warning: there are non-text parts in the response: ['thought_signature'], returning concatenated text result from text parts. Check the full candidates.content.parts accessor to get the full model response.
Warning: there are non-text parts in the response: ['thought_signature'], returning concatenated text result from text parts. Check the full candidates.content.parts accessor to get the full model response.
09-04 18:27:58     · 1-urinish: 3 ta kamchilik («title» maydoni bo‘sh...)
Warning: there are non-text parts in the response: ['thought_signature'], returning concatenated text result from text parts. Check the full candidates.content.parts accessor to get the full model response.
Warning: there are non-text parts in the response: ['thought_signature'], returning concatenated text result from text parts. Check the full candidates.content.parts accessor to get the full model response.
09-04 18:28:50     · 2-urinish: 1 ta kamchilik («title» maydoni bo‘sh...)
Warning: there are non-text parts in the response: ['thought_signature'], returning concatenated text result from text parts. Check the full candidates.content.parts accessor to get the full model response.
Warning: there are non-text parts in the response: ['thought_signature'], returning concatenated text result from text parts. Check the full candidates.content.parts accessor to get the full model response.
09-04 18:29:44     · 3-urinish: 3 ta kamchilik («title» maydoni bo‘sh...)
09-04 18:29:44     ✗ 3 urinishda ham chiqmadi — qo‘lda ko‘riladi

09-04 18:29:44  YAKUN: 1 ta tayyor, 1 ta chiqmadi. Sarflandi: $0.19 (kirish 105,855, chiqish 30,077 token)
Unclosed client session
client_session: <aiohttp.client.ClientSession object at 0x10c450b80>
Unclosed connector
connections: ['deque([(<aiohttp.client_proto.ResponseHandler object at 0x10c499520>, 324.285361125)])']
connector: <aiohttp.connector.TCPConnector object at 0x10c450850>
=== O‘TMAGANLAR QAYTA ISHLANDI ===
Kitoblar:      267 ta
  testi bor:   193 ta
  qisqa asar:  51 ta (test tuzilmaydi)
  diniy kitob: 23 ta (test o‘rniga ochiq savol)
Savollar jami: 5480 ta
Fayl:          /Users/bolalaryozuvchisi/Desktop/bilig-ai-bot/books_seed.json.gz (749 KB)
=== HAMMASI TUGADI ===
